--------------------------------------------------------------------------------------
Timing Analyzer Summary
--------------------------------------------------------------------------------------

Type           : Worst-case tsu
Slack          : N/A
Required Time  : None
Actual Time    : 3.308 ns
From           : A
To             : ESTADO.s1
From Clock     : --
To Clock       : clock
Failed Paths   : 0

Type           : Worst-case tco
Slack          : N/A
Required Time  : None
Actual Time    : 10.763 ns
From           : SHIFT_REG[1]
To             : Z[1]
From Clock     : clock
To Clock       : --
Failed Paths   : 0

Type           : Worst-case th
Slack          : N/A
Required Time  : None
Actual Time    : -2.940 ns
From           : A
To             : ESTADO.s0
From Clock     : --
To Clock       : clock
Failed Paths   : 0

Type           : Clock Setup: 'clock'
Slack          : N/A
Required Time  : None
Actual Time    : Restricted to 500.00 MHz ( period = 2.000 ns )
From           : ESTADO.s8
To             : ESTADO.s1
From Clock     : clock
To Clock       : clock
Failed Paths   : 0

Type           : Clock Hold: 'clock'
Slack          : Not operational: Clock Skew > Data Delay
Required Time  : None
Actual Time    : N/A
From           : ESTADO.s4
To             : SHIFT_REG[1]
From Clock     : clock
To Clock       : clock
Failed Paths   : 10

Type           : Total number of failed paths
Slack          : 
Required Time  : 
Actual Time    : 
From           : 
To             : 
From Clock     : 
To Clock       : 
Failed Paths   : 10

--------------------------------------------------------------------------------------

